
Router>
Router>en
Router#conf t
Enter configuration commands, one per line.  End with CNTL/Z.
Router(config)#int fa0/0
Router(config-if)#ip add 10.0.0.2 255.0.0.0
Router(config-if)#no shutdown

Router(config-if)#
%LINK-5-CHANGED: Interface FastEthernet0/0, changed state to up

%LINEPROTO-5-UPDOWN: Line protocol on Interface FastEthernet0/0, changed state to up
exit
Router(config)#int fa1/0
Router(config-if)#ip add 20.0.0.2
% Incomplete command.
Router(config-if)#ip add 20.0.0.2 255.0.0.0
Router(config-if)#no shutdown

Router(config-if)#
%LINK-5-CHANGED: Interface FastEthernet1/0, changed state to up

%LINEPROTO-5-UPDOWN: Line protocol on Interface FastEthernet1/0, changed state to up
exit
Router(config)#secret griet12345
                 ^
% Invalid input detected at '^' marker.
	
Router(config)#enable secret griet12345
Router(config)#line con 0
Router(config-line)#password griet123
Router(config-line)#login
Router(config-line)#exit
Router(config)#line vty 0 4
Router(config-line)#password griet
Router(config-line)#login
Router(config-line)#exit
Router(config)#exit
Router#
%SYS-5-CONFIG_I: Configured from console by console

Router#
Router#end
Translating "end"...domain server (255.255.255.255)
Router#en
Router#exit









Router con0 is now available






Press RETURN to get started.













User Access Verification

Password: 

Router>en
Password: 
Router#
% Unknown command or computer name, or unable to find computer address

Router#
